// Jest Snapshot v1, https://goo.gl/fbAQLP

exports[`Main index file public exports match snapshot 1`] = `
Array [
  "__esModule",
  "AccentRegion",
  "AccentRegionProps",
  "accentTokenDarkThemeMap",
  "accentTokenLightThemeMap",
  "Accordion",
  "AccordionBody",
  "AccordionFooter",
  "AccordionHeader",
  "AccordionHeaderSize",
  "AlertBanner",
  "AlertBannerType",
  "Align",
  "AlignContent",
  "AlignItems",
  "AlignSelf",
  "AnimatedGlitchLogo",
  "AnimatedNumber",
  "AnimatedNumberProps",
  "AnimatedTitle",
  "Animation",
  "AnimationDelay",
  "AnimationDuration",
  "AnimationFillMode",
  "AnimationTiming",
  "AnimationType",
  "Aspect",
  "AspectProps",
  "AspectRatio",
  "AssistiveText",
  "Attached",
  "AttachedBalloon",
  "AttachedDropDownMenu",
  "AttachedPopover",
  "AttachedProps",
  "AttachedTooltip",
  "Avatar",
  "AvatarHalo",
  "AvatarHaloProps",
  "Background",
  "Badge",
  "BadgeType",
  "Balloon",
  "BalloonDirection",
  "BalloonSize",
  "BalloonWrapper",
  "BalloonWrapperProps",
  "BorderRadius",
  "BorderRadiusMixinProps",
  "BorderRadiusValues",
  "BoxArtCard",
  "Button",
  "ButtonIcon",
  "ButtonIconProps",
  "ButtonIconSize",
  "ButtonIconType",
  "ButtonSize",
  "ButtonState",
  "ButtonType",
  "Callout",
  "CalloutActions",
  "CalloutMessage",
  "CalloutOrientation",
  "Card",
  "CardBody",
  "CardImage",
  "CardImageSize",
  "ChannelStatusIndicator",
  "ChannelStatusIndicatorSize",
  "ChannelStatusIndicatorStatus",
  "ChannelStatusTextIndicator",
  "ChannelStatusTextIndicatorProps",
  "ChannelStatusTextIndicatorSize",
  "ChannelStatusTextIndicatorType",
  "CheckBox",
  "CheckBoxProps",
  "ChromecastButton",
  "ChromecastButtonStatus",
  "Color",
  "Column",
  "ColumnOrder",
  "ColumnOrderValues",
  "ColumnProps",
  "Columns",
  "ColumnValues",
  "ComboInput",
  "CoreButton",
  "CoreButtonDropdown",
  "CoreButtonDropdownType",
  "CoreButtonIcon",
  "CoreButtonLabel",
  "CoreButtonProps",
  "CoreButtonPublicProps",
  "CoreButtonRounding",
  "CoreButtonSize",
  "CoreButtonType",
  "CoreColor",
  "CoreDismissible",
  "CoreFocusEventHandlers",
  "CoreImage",
  "CoreInteractive",
  "CoreInteractiveElement",
  "CoreInteractiveProps",
  "CoreInteractivePublicProps",
  "CoreInteractiveRenderLinkBaseProps",
  "CoreLink",
  "CoreLinkType",
  "CoreMouseEventHandlers",
  "CoreText",
  "CoreUIRoot",
  "CoreUIRootProps",
  "Cursor",
  "DefaultAvatar",
  "DefaultAvatarProps",
  "DialogLayer",
  "DialogLayerProps",
  "Display",
  "DropDownMenu",
  "DropDownMenuHeading",
  "DropDownMenuHeadingProps",
  "DropDownMenuInputItem",
  "DropDownMenuInputItemType",
  "DropDownMenuItem",
  "DropDownMenuSeparator",
  "DropDownMenuSeparatorProps",
  "DropDownMenuWrapper",
  "DropZone",
  "ExpandableIndicator",
  "ExpandableIndicatorDirection",
  "ExpandableIndicatorProps",
  "FlexDirection",
  "FlexWrap",
  "FontSize",
  "FontWeight",
  "FormError",
  "FormErrorProps",
  "FormGroup",
  "FormGroupControls",
  "FormGroupOrientation",
  "FormGroupProps",
  "FormHint",
  "FormHintProps",
  "FormLabel",
  "FormLabelProps",
  "FormLegend",
  "FormRequired",
  "FormTag",
  "FormTagStatus",
  "generateAccentRegionProps",
  "getAriaProps",
  "getDataProps",
  "GlitchAnimationStep",
  "Grid",
  "GridGutterSize",
  "Header",
  "HoverAccentEffect",
  "HoverAccentEffectProps",
  "Icon",
  "IconProps",
  "ImageAvatar",
  "ImageSelector",
  "ImageSelectorIconPosition",
  "ImageSelectorProps",
  "ImageSelectorType",
  "InFeatureNotification",
  "InjectLayout",
  "InjectStyledLayout",
  "Input",
  "INPUT_BORDER_RADIUS",
  "INPUT_SIZES",
  "InputProps",
  "InputRounding",
  "InputSize",
  "InputType",
  "Interactable",
  "InteractableProps",
  "InteractableType",
  "JustifyContent",
  "Layout",
  "LayoutProps",
  "LineHeight",
  "LoadingButton",
  "LoadingButtonProps",
  "LoadingSpinner",
  "LoadingStatus",
  "Margin",
  "MarginValue",
  "MarginValues",
  "MediaCard",
  "MediaCardImage",
  "MediaCardLink",
  "MediaCardMeta",
  "MediaCardStat",
  "MediaCardTitle",
  "Modal",
  "ModalBody",
  "ModalFooter",
  "ModalHeader",
  "ModalLayer",
  "ModalLayerProps",
  "ModalProps",
  "ModalSize",
  "ModalWrapper",
  "navItemHeight",
  "NotificationActions",
  "NotificationFigure",
  "NotificationMessage",
  "NotificationType",
  "NumberBadge",
  "OffsetColumns",
  "OffsetValues",
  "omitDataProps",
  "Overflow",
  "OverlayRegion",
  "OverlayRegionProps",
  "Padding",
  "PaddingValue",
  "PaddingValues",
  "Pagination",
  "PaginationControl",
  "PaginationControlType",
  "PaginationIndex",
  "PaymentButton",
  "PaymentButtonProps",
  "PaymentButtonType",
  "Pill",
  "PillType",
  "Placeholder",
  "PlaceholderProps",
  "Popover",
  "PopoverBody",
  "PopoverFooter",
  "PopoverHeader",
  "PopoverHeaderProps",
  "PopoverTitle",
  "PopoverTitleProps",
  "PopoverWrapper",
  "Position",
  "prefersDarkMode",
  "prefersReducedMotion",
  "Presence",
  "PresenceStatus",
  "ProgressBar",
  "ProgressBarAnimationDirection",
  "ProgressBarProps",
  "ProgressBarSize",
  "ProgressBarStatus",
  "PurchaseButton",
  "PurchaseButtonProps",
  "Quote",
  "Radio",
  "RadioProps",
  "Range",
  "RangeProps",
  "RangePropsBase",
  "RangePropsFilled",
  "RangePropsUnfilled",
  "ReactModalRoot",
  "Resize",
  "ResponsiveWrapper",
  "ScGlobalCssVars",
  "ScGlobalStylesStatic",
  "ScGlobalStylesThemed",
  "SearchInput",
  "SegmentedButton",
  "SegmentedButtonOption",
  "SegmentedButtonType",
  "Select",
  "Selectable",
  "SelectableComponent",
  "SelectableProps",
  "SelectableType",
  "SelectButton",
  "SelectButtonProps",
  "SelectProps",
  "Snackbar",
  "SnackbarActions",
  "SnackbarMessage",
  "SnackbarProps",
  "Sorting",
  "SpinnerSize",
  "SplitButton",
  "SplitButtonDropdownProps",
  "SplitButtonProps",
  "Stat",
  "StatusAlertButton",
  "StatusAlertButtonProps",
  "StyledLayout",
  "Subtitle",
  "SubtitleProps",
  "SubtitleSize",
  "supportsCssVars",
  "supportsThemes",
  "SVG",
  "SVG_PATHS",
  "SVGAsset",
  "SVGType",
  "Tab",
  "TabItemPublicProps",
  "Table",
  "TableBody",
  "TableCell",
  "TableHeader",
  "TableHeading",
  "TableRow",
  "Tabs",
  "TabSize",
  "TabWrapper",
  "Tag",
  "TagAction",
  "TagProps",
  "TestSelectors",
  "TextAlign",
  "TextArea",
  "TextAreaProps",
  "TextDecoration",
  "TextTransform",
  "TextType",
  "ThemeOption",
  "ThemeRegion",
  "ThemeRegionProps",
  "ThemeToggle",
  "ThumbnailCard",
  "Title",
  "TitleProps",
  "TitleSize",
  "Toast",
  "Toggle",
  "ToggleProps",
  "TokenOverrideRegion",
  "Tooltip",
  "TooltipAlign",
  "TooltipDirection",
  "TooltipLayer",
  "TooltipWrapper",
  "Tower",
  "TowerChildWidth",
  "TowerGutter",
  "TowerProps",
  "Transition",
  "TransitionDelay",
  "TransitionDuration",
  "TransitionGroup",
  "TransitionStatus",
  "TransitionType",
  "Typeset",
  "useDialogState",
  "useTooltipState",
  "VerticalAlign",
  "VerticalNavigation",
  "VerticalNavigationGroup",
  "VerticalNavigationItem",
  "VerticalNavigationItemProps",
  "VerticalNavigationSpacer",
  "VerticalNavigationStateProvider",
  "VerticalNavigationSubHeader",
  "VerticalNavigationTitle",
  "Visibility",
  "WhiteSpace",
  "withTokenOverrides",
  "WordBreak",
  "ZIndex",
]
`;
